Archive member included because of file (symbol)

/usr/local/lib/gcc/avr/4.3.4/avr5/libgcc.a(_exit.o)
                              /usr/local/lib/gcc/avr/4.3.4/../../../../avr/lib/avr5/crtm328p.o (exit)
/usr/local/lib/gcc/avr/4.3.4/avr5/libgcc.a(_copy_data.o)
                              main.o (__do_copy_data)
/usr/local/lib/gcc/avr/4.3.4/avr5/libgcc.a(_clear_bss.o)
                              main.o (__do_clear_bss)

Memory Configuration

Name             Origin             Length             Attributes
text             0x0000000000000000 0x0000000000020000 xr
data             0x0000000000800060 0x000000000000ffa0 rw !x
eeprom           0x0000000000810000 0x0000000000010000 rw !x
fuse             0x0000000000820000 0x0000000000000400 rw !x
lock             0x0000000000830000 0x0000000000000400 rw !x
signature        0x0000000000840000 0x0000000000000400 rw !x
*default*        0x0000000000000000 0xffffffffffffffff

Linker script and memory map

Address of section .data set to 0x800100
LOAD /usr/local/lib/gcc/avr/4.3.4/../../../../avr/lib/avr5/crtm328p.o
LOAD main.o
LOAD /usr/local/lib/gcc/avr/4.3.4/../../../../avr/lib/avr5/libm.a
LOAD /usr/local/lib/gcc/avr/4.3.4/avr5/libgcc.a
LOAD /usr/local/lib/gcc/avr/4.3.4/../../../../avr/lib/avr5/libc.a
LOAD /usr/local/lib/gcc/avr/4.3.4/avr5/libgcc.a

.hash
 *(.hash)

.dynsym
 *(.dynsym)

.dynstr
 *(.dynstr)

.gnu.version
 *(.gnu.version)

.gnu.version_d
 *(.gnu.version_d)

.gnu.version_r
 *(.gnu.version_r)

.rel.init
 *(.rel.init)

.rela.init
 *(.rela.init)

.rel.text
 *(.rel.text)
 *(.rel.text.*)
 *(.rel.gnu.linkonce.t*)

.rela.text
 *(.rela.text)
 *(.rela.text.*)
 *(.rela.gnu.linkonce.t*)

.rel.fini
 *(.rel.fini)

.rela.fini
 *(.rela.fini)

.rel.rodata
 *(.rel.rodata)
 *(.rel.rodata.*)
 *(.rel.gnu.linkonce.r*)

.rela.rodata
 *(.rela.rodata)
 *(.rela.rodata.*)
 *(.rela.gnu.linkonce.r*)

.rel.data
 *(.rel.data)
 *(.rel.data.*)
 *(.rel.gnu.linkonce.d*)

.rela.data
 *(.rela.data)
 *(.rela.data.*)
 *(.rela.gnu.linkonce.d*)

.rel.ctors
 *(.rel.ctors)

.rela.ctors
 *(.rela.ctors)

.rel.dtors
 *(.rel.dtors)

.rela.dtors
 *(.rela.dtors)

.rel.got
 *(.rel.got)

.rela.got
 *(.rela.got)

.rel.bss
 *(.rel.bss)

.rela.bss
 *(.rela.bss)

.rel.plt
 *(.rel.plt)

.rela.plt
 *(.rela.plt)

.text           0x0000000000000000      0x998
 *(.vectors)
 .vectors       0x0000000000000000       0x68 /usr/local/lib/gcc/avr/4.3.4/../../../../avr/lib/avr5/crtm328p.o
                0x0000000000000000                __vectors
                0x0000000000000000                __vector_default
 *(.vectors)
 *(.progmem.gcc*)
 .progmem.gcc_sw_table
                0x0000000000000068       0xf4 main.o
 *(.progmem*)
                0x000000000000015c                . = ALIGN (0x2)
                0x000000000000015c                __trampolines_start = .
 *(.trampolines)
 .trampolines   0x000000000000015c        0x0 linker stubs
 *(.trampolines*)
                0x000000000000015c                __trampolines_end = .
 *(.jumptables)
 *(.jumptables*)
 *(.lowtext)
 *(.lowtext*)
                0x000000000000015c                __ctors_start = .
 *(.ctors)
                0x000000000000015c                __ctors_end = .
                0x000000000000015c                __dtors_start = .
 *(.dtors)
                0x000000000000015c                __dtors_end = .
 SORT(*)(.ctors)
 SORT(*)(.dtors)
 *(.init0)
 .init0         0x000000000000015c        0x0 /usr/local/lib/gcc/avr/4.3.4/../../../../avr/lib/avr5/crtm328p.o
                0x000000000000015c                __init
 *(.init0)
 *(.init1)
 *(.init1)
 *(.init2)
 .init2         0x000000000000015c        0xc /usr/local/lib/gcc/avr/4.3.4/../../../../avr/lib/avr5/crtm328p.o
 *(.init2)
 *(.init3)
 *(.init3)
 *(.init4)
 .init4         0x0000000000000168       0x16 /usr/local/lib/gcc/avr/4.3.4/avr5/libgcc.a(_copy_data.o)
                0x0000000000000168                __do_copy_data
 .init4         0x000000000000017e       0x10 /usr/local/lib/gcc/avr/4.3.4/avr5/libgcc.a(_clear_bss.o)
                0x000000000000017e                __do_clear_bss
 *(.init4)
 *(.init5)
 *(.init5)
 *(.init6)
 *(.init6)
 *(.init7)
 *(.init7)
 *(.init8)
 *(.init8)
 *(.init9)
 .init9         0x000000000000018e        0x8 /usr/local/lib/gcc/avr/4.3.4/../../../../avr/lib/avr5/crtm328p.o
 *(.init9)
 *(.text)
 .text          0x0000000000000196        0x4 /usr/local/lib/gcc/avr/4.3.4/../../../../avr/lib/avr5/crtm328p.o
                0x0000000000000196                __vector_20
                0x0000000000000196                __vector_1
                0x0000000000000196                __vector_24
                0x0000000000000196                __vector_12
                0x0000000000000196                __bad_interrupt
                0x0000000000000196                __vector_6
                0x0000000000000196                __vector_3
                0x0000000000000196                __vector_23
                0x0000000000000196                __vector_25
                0x0000000000000196                __vector_11
                0x0000000000000196                __vector_13
                0x0000000000000196                __vector_19
                0x0000000000000196                __vector_7
                0x0000000000000196                __vector_5
                0x0000000000000196                __vector_4
                0x0000000000000196                __vector_9
                0x0000000000000196                __vector_2
                0x0000000000000196                __vector_21
                0x0000000000000196                __vector_15
                0x0000000000000196                __vector_8
                0x0000000000000196                __vector_14
                0x0000000000000196                __vector_10
                0x0000000000000196                __vector_16
                0x0000000000000196                __vector_22
 .text          0x000000000000019a      0x7fa main.o
                0x000000000000019a                delay_us
                0x00000000000001ea                delay_ms
                0x000000000000021e                ioinit
                0x000000000000025e                writeEEPROM
                0x0000000000000274                readEEPROM
                0x0000000000000284                display
                0x00000000000003c6                main
                0x00000000000004f8                clearDisplay
                0x0000000000000504                check_Special
                0x0000000000000790                __vector_18
                0x0000000000000888                __vector_17
                0x0000000000000978                resetDisplay
 .text          0x0000000000000994        0x0 /usr/local/lib/gcc/avr/4.3.4/avr5/libgcc.a(_exit.o)
 .text          0x0000000000000994        0x0 /usr/local/lib/gcc/avr/4.3.4/avr5/libgcc.a(_copy_data.o)
 .text          0x0000000000000994        0x0 /usr/local/lib/gcc/avr/4.3.4/avr5/libgcc.a(_clear_bss.o)
                0x0000000000000994                . = ALIGN (0x2)
 *(.text.*)
 .text.libgcc   0x0000000000000994        0x0 /usr/local/lib/gcc/avr/4.3.4/avr5/libgcc.a(_exit.o)
 .text.libgcc   0x0000000000000994        0x0 /usr/local/lib/gcc/avr/4.3.4/avr5/libgcc.a(_copy_data.o)
 .text.libgcc   0x0000000000000994        0x0 /usr/local/lib/gcc/avr/4.3.4/avr5/libgcc.a(_clear_bss.o)
                0x0000000000000994                . = ALIGN (0x2)
 *(.fini9)
 .fini9         0x0000000000000994        0x0 /usr/local/lib/gcc/avr/4.3.4/avr5/libgcc.a(_exit.o)
                0x0000000000000994                exit
                0x0000000000000994                _exit
 *(.fini9)
 *(.fini8)
 *(.fini8)
 *(.fini7)
 *(.fini7)
 *(.fini6)
 *(.fini6)
 *(.fini5)
 *(.fini5)
 *(.fini4)
 *(.fini4)
 *(.fini3)
 *(.fini3)
 *(.fini2)
 *(.fini2)
 *(.fini1)
 *(.fini1)
 *(.fini0)
 .fini0         0x0000000000000994        0x4 /usr/local/lib/gcc/avr/4.3.4/avr5/libgcc.a(_exit.o)
 *(.fini0)
                0x0000000000000998                _etext = .

.data           0x0000000000800100        0x2 load address 0x0000000000000998
                0x0000000000800100                PROVIDE (__data_start, .)
 *(.data)
 .data          0x0000000000800100        0x0 /usr/local/lib/gcc/avr/4.3.4/../../../../avr/lib/avr5/crtm328p.o
 .data          0x0000000000800100        0x2 main.o
                0x0000000000800100                spiMode
 .data          0x0000000000800102        0x0 /usr/local/lib/gcc/avr/4.3.4/avr5/libgcc.a(_exit.o)
 .data          0x0000000000800102        0x0 /usr/local/lib/gcc/avr/4.3.4/avr5/libgcc.a(_copy_data.o)
 .data          0x0000000000800102        0x0 /usr/local/lib/gcc/avr/4.3.4/avr5/libgcc.a(_clear_bss.o)
 *(.data*)
 *(.rodata)
 *(.rodata*)
 *(.gnu.linkonce.d*)
                0x0000000000800102                . = ALIGN (0x2)
                0x0000000000800102                _edata = .
                0x0000000000800102                PROVIDE (__data_end, .)

.bss            0x0000000000800102        0xf
                0x0000000000800102                PROVIDE (__bss_start, .)
 *(.bss)
 .bss           0x0000000000800102        0x0 /usr/local/lib/gcc/avr/4.3.4/../../../../avr/lib/avr5/crtm328p.o
 .bss           0x0000000000800102        0xf main.o
                0x0000000000800102                data0
                0x0000000000800103                data1
                0x0000000000800104                data2
                0x0000000000800105                data3
                0x0000000000800106                receiveCount
                0x0000000000800108                brightDelay
                0x000000000080010a                DPStatus
                0x000000000080010b                uartMode
                0x000000000080010d                prevData0
                0x000000000080010e                prevData1
                0x000000000080010f                prevData2
                0x0000000000800110                prevData3
 .bss           0x0000000000800111        0x0 /usr/local/lib/gcc/avr/4.3.4/avr5/libgcc.a(_exit.o)
 .bss           0x0000000000800111        0x0 /usr/local/lib/gcc/avr/4.3.4/avr5/libgcc.a(_copy_data.o)
 .bss           0x0000000000800111        0x0 /usr/local/lib/gcc/avr/4.3.4/avr5/libgcc.a(_clear_bss.o)
 *(.bss*)
 *(COMMON)
                0x0000000000800111                PROVIDE (__bss_end, .)
                0x0000000000000998                __data_load_start = LOADADDR (.data)
                0x000000000000099a                __data_load_end = (__data_load_start + SIZEOF (.data))

.noinit         0x0000000000800111        0x0
                0x0000000000800111                PROVIDE (__noinit_start, .)
 *(.noinit*)
                0x0000000000800111                PROVIDE (__noinit_end, .)
                0x0000000000800111                _end = .
                0x0000000000800111                PROVIDE (__heap_start, .)

.eeprom         0x0000000000810000        0x0
 *(.eeprom*)
                0x0000000000810000                __eeprom_end = .

.fuse
 *(.fuse)
 *(.lfuse)
 *(.hfuse)
 *(.efuse)

.lock
 *(.lock*)

.signature
 *(.signature*)

.stab           0x0000000000000000      0x6cc
 *(.stab)
 .stab          0x0000000000000000      0x6cc /usr/local/lib/gcc/avr/4.3.4/../../../../avr/lib/avr5/crtm328p.o

.stabstr        0x0000000000000000       0x55
 *(.stabstr)
 .stabstr       0x0000000000000000       0x55 /usr/local/lib/gcc/avr/4.3.4/../../../../avr/lib/avr5/crtm328p.o

.stab.excl
 *(.stab.excl)

.stab.exclstr
 *(.stab.exclstr)

.stab.index
 *(.stab.index)

.stab.indexstr
 *(.stab.indexstr)

.comment
 *(.comment)

.debug
 *(.debug)

.line
 *(.line)

.debug_srcinfo
 *(.debug_srcinfo)

.debug_sfnames
 *(.debug_sfnames)

.debug_aranges  0x0000000000000000       0x20
 *(.debug_aranges)
 .debug_aranges
                0x0000000000000000       0x20 main.o

.debug_pubnames
                0x0000000000000000      0x166
 *(.debug_pubnames)
 .debug_pubnames
                0x0000000000000000      0x166 main.o

.debug_info     0x0000000000000000      0x381
 *(.debug_info)
 .debug_info    0x0000000000000000      0x381 main.o
 *(.gnu.linkonce.wi.*)

.debug_abbrev   0x0000000000000000      0x18c
 *(.debug_abbrev)
 .debug_abbrev  0x0000000000000000      0x18c main.o

.debug_line     0x0000000000000000      0x9c6
 *(.debug_line)
 .debug_line    0x0000000000000000      0x9c6 main.o

.debug_frame    0x0000000000000000       0xd0
 *(.debug_frame)
 .debug_frame   0x0000000000000000       0xd0 main.o

.debug_str      0x0000000000000000      0x18e
 *(.debug_str)
 .debug_str     0x0000000000000000      0x18e main.o
                                        0x1c7 (size before relaxing)

.debug_loc      0x0000000000000000      0x12f
 *(.debug_loc)
 .debug_loc     0x0000000000000000      0x12f main.o

.debug_macinfo
 *(.debug_macinfo)
OUTPUT(main.elf elf32-avr)
LOAD linker stubs

.debug_ranges   0x0000000000000000       0x18
 .debug_ranges  0x0000000000000000       0x18 main.o

Cross Reference Table

Symbol                                            File
DPStatus                                          main.o
__bad_interrupt                                   /usr/local/lib/gcc/avr/4.3.4/../../../../avr/lib/avr5/crtm328p.o
__bss_end                                         /usr/local/lib/gcc/avr/4.3.4/avr5/libgcc.a(_clear_bss.o)
__bss_start                                       /usr/local/lib/gcc/avr/4.3.4/avr5/libgcc.a(_clear_bss.o)
__data_end                                        /usr/local/lib/gcc/avr/4.3.4/avr5/libgcc.a(_copy_data.o)
__data_load_start                                 /usr/local/lib/gcc/avr/4.3.4/avr5/libgcc.a(_copy_data.o)
__data_start                                      /usr/local/lib/gcc/avr/4.3.4/avr5/libgcc.a(_copy_data.o)
__do_clear_bss                                    /usr/local/lib/gcc/avr/4.3.4/avr5/libgcc.a(_clear_bss.o)
                                                  main.o
__do_copy_data                                    /usr/local/lib/gcc/avr/4.3.4/avr5/libgcc.a(_copy_data.o)
                                                  main.o
__heap_end                                        /usr/local/lib/gcc/avr/4.3.4/../../../../avr/lib/avr5/crtm328p.o
__init                                            /usr/local/lib/gcc/avr/4.3.4/../../../../avr/lib/avr5/crtm328p.o
__stack                                           /usr/local/lib/gcc/avr/4.3.4/../../../../avr/lib/avr5/crtm328p.o
__vector_1                                        /usr/local/lib/gcc/avr/4.3.4/../../../../avr/lib/avr5/crtm328p.o
__vector_10                                       /usr/local/lib/gcc/avr/4.3.4/../../../../avr/lib/avr5/crtm328p.o
__vector_11                                       /usr/local/lib/gcc/avr/4.3.4/../../../../avr/lib/avr5/crtm328p.o
__vector_12                                       /usr/local/lib/gcc/avr/4.3.4/../../../../avr/lib/avr5/crtm328p.o
__vector_13                                       /usr/local/lib/gcc/avr/4.3.4/../../../../avr/lib/avr5/crtm328p.o
__vector_14                                       /usr/local/lib/gcc/avr/4.3.4/../../../../avr/lib/avr5/crtm328p.o
__vector_15                                       /usr/local/lib/gcc/avr/4.3.4/../../../../avr/lib/avr5/crtm328p.o
__vector_16                                       /usr/local/lib/gcc/avr/4.3.4/../../../../avr/lib/avr5/crtm328p.o
__vector_17                                       main.o
                                                  /usr/local/lib/gcc/avr/4.3.4/../../../../avr/lib/avr5/crtm328p.o
__vector_18                                       main.o
                                                  /usr/local/lib/gcc/avr/4.3.4/../../../../avr/lib/avr5/crtm328p.o
__vector_19                                       /usr/local/lib/gcc/avr/4.3.4/../../../../avr/lib/avr5/crtm328p.o
__vector_2                                        /usr/local/lib/gcc/avr/4.3.4/../../../../avr/lib/avr5/crtm328p.o
__vector_20                                       /usr/local/lib/gcc/avr/4.3.4/../../../../avr/lib/avr5/crtm328p.o
__vector_21                                       /usr/local/lib/gcc/avr/4.3.4/../../../../avr/lib/avr5/crtm328p.o
__vector_22                                       /usr/local/lib/gcc/avr/4.3.4/../../../../avr/lib/avr5/crtm328p.o
__vector_23                                       /usr/local/lib/gcc/avr/4.3.4/../../../../avr/lib/avr5/crtm328p.o
__vector_24                                       /usr/local/lib/gcc/avr/4.3.4/../../../../avr/lib/avr5/crtm328p.o
__vector_25                                       /usr/local/lib/gcc/avr/4.3.4/../../../../avr/lib/avr5/crtm328p.o
__vector_3                                        /usr/local/lib/gcc/avr/4.3.4/../../../../avr/lib/avr5/crtm328p.o
__vector_4                                        /usr/local/lib/gcc/avr/4.3.4/../../../../avr/lib/avr5/crtm328p.o
__vector_5                                        /usr/local/lib/gcc/avr/4.3.4/../../../../avr/lib/avr5/crtm328p.o
__vector_6                                        /usr/local/lib/gcc/avr/4.3.4/../../../../avr/lib/avr5/crtm328p.o
__vector_7                                        /usr/local/lib/gcc/avr/4.3.4/../../../../avr/lib/avr5/crtm328p.o
__vector_8                                        /usr/local/lib/gcc/avr/4.3.4/../../../../avr/lib/avr5/crtm328p.o
__vector_9                                        /usr/local/lib/gcc/avr/4.3.4/../../../../avr/lib/avr5/crtm328p.o
__vector_default                                  /usr/local/lib/gcc/avr/4.3.4/../../../../avr/lib/avr5/crtm328p.o
__vectors                                         /usr/local/lib/gcc/avr/4.3.4/../../../../avr/lib/avr5/crtm328p.o
_exit                                             /usr/local/lib/gcc/avr/4.3.4/avr5/libgcc.a(_exit.o)
brightDelay                                       main.o
check_Special                                     main.o
clearDisplay                                      main.o
data0                                             main.o
data1                                             main.o
data2                                             main.o
data3                                             main.o
delay_ms                                          main.o
delay_us                                          main.o
display                                           main.o
exit                                              /usr/local/lib/gcc/avr/4.3.4/avr5/libgcc.a(_exit.o)
                                                  /usr/local/lib/gcc/avr/4.3.4/../../../../avr/lib/avr5/crtm328p.o
ioinit                                            main.o
main                                              main.o
                                                  /usr/local/lib/gcc/avr/4.3.4/../../../../avr/lib/avr5/crtm328p.o
prevData0                                         main.o
prevData1                                         main.o
prevData2                                         main.o
prevData3                                         main.o
readEEPROM                                        main.o
receiveCount                                      main.o
resetDisplay                                      main.o
spiMode                                           main.o
uartMode                                          main.o
writeEEPROM                                       main.o
